// Jest Snapshot v1, https://goo.gl/fbAQLP

exports[`List component renders UI as expected 1`] = `
<div
  className="item"
>
  <div
    className="items-box"
  >
    <div
      className="medium-img-container"
    >
      <img
        alt="food presentation from the place"
      />
    </div>
    <div
      className="text-area1"
    >
      <h2 />
      <p>
        , 
      </p>
      <p>
         
      </p>
      <br />
      <p />
      <br />
      <p>
        Saved in category: 
      </p>
      <br />
      <br />
      <div
        className="rating-box"
      >
        <p>
          Yelp rating: 
        </p>
        <div
          className="starsImg"
        />
      </div>
    </div>
  </div>
  <br />
  <form
    className="edit-form"
    onSubmit={[Function]}
  >
    <h2>
      Noted for following reward worthy habits:
    </h2>
    <br />
    <div>
      <input
        checked={false}
        className="input"
        onClick={[Function]}
        type="checkbox"
        value="No single use plastic"
      />
      <label
        htmlFor="chx1"
      >
        No single use plastic
      </label>
      <br />
    </div>
    <div>
      <input
        checked={false}
        className="input"
        onClick={[Function]}
        type="checkbox"
        value="Compostable take-out containers and cups"
      />
      <label
        htmlFor="chx1"
      >
        Compostable take-out containers and cups
      </label>
      <br />
    </div>
    <div>
      <input
        checked={false}
        className="input"
        onClick={[Function]}
        type="checkbox"
        value="No plastic bottled drinks"
      />
      <label
        htmlFor="chx1"
      >
        No plastic bottled drinks
      </label>
      <br />
    </div>
    <div>
      <input
        checked={false}
        className="input"
        onClick={[Function]}
        type="checkbox"
        value="Composting food scraps"
      />
      <label
        htmlFor="chx1"
      >
        Composting food scraps
      </label>
      <br />
    </div>
    <div>
      <input
        checked={false}
        className="input"
        onClick={[Function]}
        type="checkbox"
        value="Recycle and compost bins inside"
      />
      <label
        htmlFor="chx1"
      >
        Recycle and compost bins inside
      </label>
      <br />
    </div>
    <div>
      <input
        checked={false}
        className="input"
        onClick={[Function]}
        type="checkbox"
        value="Hemp based or fabric napkins and paper towels"
      />
      <label
        htmlFor="chx1"
      >
        Hemp based or fabric napkins and paper towels
      </label>
      <br />
    </div>
    <div>
      <input
        checked={false}
        className="input"
        onClick={[Function]}
        type="checkbox"
        value="Papperless, fully computer based billing and record keeping"
      />
      <label
        htmlFor="chx1"
      >
        Papperless, fully computer based billing and record keeping
      </label>
      <br />
    </div>
    <div>
      <input
        checked={false}
        className="input"
        onClick={[Function]}
        type="checkbox"
        value="Donating leftover food to local shelter or \\"free meal night\\""
      />
      <label
        htmlFor="chx1"
      >
        Donating leftover food to local shelter or "free meal night"
      </label>
      <br />
    </div>
    <div>
      <input
        checked={false}
        className="input"
        onClick={[Function]}
        type="checkbox"
        value="Locally sourced produce"
      />
      <label
        htmlFor="chx1"
      >
        Locally sourced produce
      </label>
      <br />
    </div>
    <div>
      <input
        checked={false}
        className="input"
        onClick={[Function]}
        type="checkbox"
        value="Organic produce"
      />
      <label
        htmlFor="chx1"
      >
        Organic produce
      </label>
      <br />
    </div>
    <div>
      <input
        checked={false}
        className="input"
        onClick={[Function]}
        type="checkbox"
        value="Resposible frying oil disposal"
      />
      <label
        htmlFor="chx1"
      >
        Resposible frying oil disposal
      </label>
      <br />
    </div>
    <div>
      <input
        checked={false}
        className="input"
        onClick={[Function]}
        type="checkbox"
        value="Saves energy by installing light timers and motion sensors"
      />
      <label
        htmlFor="chx1"
      >
        Saves energy by installing light timers and motion sensors
      </label>
      <br />
    </div>
    <div>
      <input
        checked={false}
        className="input"
        onClick={[Function]}
        type="checkbox"
        value="Saves water by installing low flow faucets"
      />
      <label
        htmlFor="chx1"
      >
        Saves water by installing low flow faucets
      </label>
      <br />
    </div>
    <div>
      <input
        checked={false}
        className="input"
        onClick={[Function]}
        type="checkbox"
        value="Saves energy and water by installing energy star equipmnet"
      />
      <label
        htmlFor="chx1"
      >
        Saves energy and water by installing energy star equipmnet
      </label>
      <br />
    </div>
    <br />
    <br />
    <h3>
      Additional comments
    </h3>
    <textarea
      cols="50"
      onChange={[Function]}
      rows="10"
    />
    <h3
      id="select-header"
    >
      Save in category: 
    </h3>
    <select
      className="form__field2"
      onChange={[Function]}
      required={true}
    >
      <option
        value=" "
      >
        Choose one 
      </option>
      <option
        value="Coffee-shop"
      >
        Coffee-shop
      </option>
      <option
        value="Bakery"
      >
        Bakery
      </option>
      <option
        value="Juice-Bar"
      >
        Juice-Bar
      </option>
      <option
        value="Restaurant"
      >
        Restaurant
      </option>
      <option
        value="Breakfast"
      >
        Breakfast
      </option>
      <option
        value="Lunch"
      >
        Lunch
      </option>
      <option
        value="Dinner"
      >
        Dinner
      </option>
    </select>
    <br />
    <div
      className="error"
    />
    <div
      className="button-container2"
    >
      <button
        type="submit"
      >
        Update Review
      </button>
      <button
        onClick={[Function]}
      >
        Back
      </button>
    </div>
  </form>
</div>
`;
