// Jest Snapshot v1, https://goo.gl/fbAQLP

exports[`List component renders UI as expected 1`] = `
<div
  className="home-list"
  onClick={[Function]}
>
  <div
    className="small-img-container"
  >
    <img
      alt="food presentation from the place"
    />
  </div>
  <div
    className="text"
  >
    <h3>
      name
    </h3>
    <br />
    <div
      className="text2"
    >
      <p>
        city
      </p>
      <p>
        Saved to category: 
      </p>
    </div>
    <div />
  </div>
</div>
`;
