// Jest Snapshot v1, https://goo.gl/fbAQLP

exports[`List component renders UI as expected 1`] = `
<div
  className="list-item"
>
  <li>
    <h2>
      name
    </h2>
    <p>
      
    </p>
    <p>
      
    </p>
    <p>
      
    </p>
    <p>
      
    </p>
    <p>
      phne
    </p>
    <p>
      price
    </p>
    <img
      src="link"
    />
    <a
      href="link"
      rel="noopener noreferrer"
      target="_blank"
    >
      <h2>
        Visit
      </h2>
    </a>
    1
    <a
      href="/login"
      onClick={[Function]}
    >
      <button>
        Create ThumbsUP review
      </button>
    </a>
  </li>
</div>
`;
